[17980:7916:0805/112453.076:INFO:components\enterprise\browser\controller\chrome_browser_cloud_management_controller.cc:239] No machine level policy manager exists.
[17616:17480:0805/112453.262:ERROR:ui\gl\direct_composition_support.cc:247] GetGpuDriverOverlayInfo: Failed to retrieve video device
[17616:17480:0805/112453.265:VERBOSE1:components\viz\service\main\viz_main_impl.cc:87] VizNullHypothesis is disabled (not a warning)
[19068:22776:0805/112453.368:INFO:third_party\webrtc\rtc_base\cpu_info.cc:77] Available number of cores: 12
[23548:19084:0805/112453.380:INFO:third_party\webrtc\rtc_base\cpu_info.cc:77] Available number of cores: 12
[7700:18148:0805/112453.963:INFO:third_party\webrtc\rtc_base\cpu_info.cc:77] Available number of cores: 12
[15136:5368:0805/112454.099:INFO:third_party\webrtc\rtc_base\cpu_info.cc:77] Available number of cores: 12
[18848:20500:0805/112454.923:WARNING:net\spdy\spdy_session.cc:3186] Received HEADERS for invalid stream 1
[18848:20500:0805/112454.934:WARNING:net\spdy\spdy_session.cc:3186] Received HEADERS for invalid stream 3
[18848:20500:0805/112454.934:WARNING:net\spdy\spdy_session.cc:3186] Received HEADERS for invalid stream 5
[17980:7916:0805/112456.320:INFO:CONSOLE:87] "[GSI_LOGGER]: Your client application uses one of the Google One Tap prompt UI status methods that may stop functioning when FedCM becomes mandatory. Refer to the migration guide to update your code accordingly and opt-in to FedCM to test your changes. Learn more: https://developers.google.com/identity/gsi/web/guides/fedcm-migration?s=dc#display_moment and https://developers.google.com/identity/gsi/web/guides/fedcm-migration?s=dc#skipped_moment", source: https://accounts.google.com/gsi/client?hl=en (87)
[17980:7916:0805/112456.323:INFO:CONSOLE:88] "[GSI_LOGGER]: FedCM get() rejects with TypeError: Failed to execute 'get' on 'CredentialsContainer': Failed to read the 'identity' property from 'CredentialRequestOptions': Failed to read the 'mode' property from 'IdentityCredentialRequestOptions': The provided value 'widget' is not a valid enum value of type IdentityCredentialRequestOptionsMode.", source: https://accounts.google.com/gsi/client?hl=en (88)
[13896:14368:0805/112456.713:INFO:third_party\webrtc\rtc_base\cpu_info.cc:77] Available number of cores: 12
[5576:19048:0805/112458.615:INFO:third_party\webrtc\rtc_base\cpu_info.cc:77] Available number of cores: 12
[17464:1636:0805/112501.103:INFO:third_party\webrtc\rtc_base\cpu_info.cc:77] Available number of cores: 12
[17980:7916:0805/112501.311:INFO:CONSOLE:0] "Framing 'https://www.recaptcha.net/' violates the following report-only Content Security Policy directive: "frame-ancestors 'self'". The violation has been logged, but no further action has been taken.
", source:  (0)
[17980:7916:0805/112503.155:INFO:CONSOLE:1] "Refused to get unsafe header "x-amz-request-id"", source: https://s.pinimg.com/webapp/25388-5e8a0efe1bcfb418.mjs (1)
[17980:7916:0805/112503.155:INFO:CONSOLE:1] "Refused to get unsafe header "x-amz-id-2"", source: https://s.pinimg.com/webapp/25388-5e8a0efe1bcfb418.mjs (1)
[17980:6784:0805/112507.208:ERROR:google_apis\gcm\engine\registration_request.cc:291] Registration response error message: DEPRECATED_ENDPOINT
[17980:7916:0805/112509.376:INFO:CONSOLE:0] "The resource https://i.pinimg.com/236x/ba/c5/68/bac5689eafae8367e8f904b56118e765.jpg was preloaded using link preload but not used within a few seconds from the window's load event. Please make sure it has an appropriate `as` value and it is preloaded intentionally.", source: https://fi.pinterest.com/pin-creation-tool/ (0)
[17980:7916:0805/112509.377:INFO:CONSOLE:0] "The resource https://i.pinimg.com/236x/e0/5c/0d/e05c0d3094cbeab36f7badfe0ae520bd.jpg was preloaded using link preload but not used within a few seconds from the window's load event. Please make sure it has an appropriate `as` value and it is preloaded intentionally.", source: https://fi.pinterest.com/pin-creation-tool/ (0)
[17980:7916:0805/112509.377:INFO:CONSOLE:0] "The resource https://i.pinimg.com/236x/6c/81/77/6c8177648f7a078977ca71e133c4da36.jpg was preloaded using link preload but not used within a few seconds from the window's load event. Please make sure it has an appropriate `as` value and it is preloaded intentionally.", source: https://fi.pinterest.com/pin-creation-tool/ (0)
[17980:7916:0805/112509.377:INFO:CONSOLE:0] "The resource https://i.pinimg.com/236x/50/d4/ca/50d4ca95ee0046a374c154df8ad43961.jpg was preloaded using link preload but not used within a few seconds from the window's load event. Please make sure it has an appropriate `as` value and it is preloaded intentionally.", source: https://fi.pinterest.com/pin-creation-tool/ (0)
[17980:7916:0805/112509.377:INFO:CONSOLE:0] "The resource https://i.pinimg.com/236x/27/fb/44/27fb446201a81cb601243ba1b7224c2c.jpg was preloaded using link preload but not used within a few seconds from the window's load event. Please make sure it has an appropriate `as` value and it is preloaded intentionally.", source: https://fi.pinterest.com/pin-creation-tool/ (0)
[17980:7916:0805/112509.377:INFO:CONSOLE:0] "The resource https://i.pinimg.com/236x/df/88/51/df885102b79b48482133de66ad743223.jpg was preloaded using link preload but not used within a few seconds from the window's load event. Please make sure it has an appropriate `as` value and it is preloaded intentionally.", source: https://fi.pinterest.com/pin-creation-tool/ (0)
[17980:7916:0805/112509.377:INFO:CONSOLE:0] "The resource https://i.pinimg.com/236x/e3/22/c7/e322c748f9443a9e078e4a2856248613.jpg was preloaded using link preload but not used within a few seconds from the window's load event. Please make sure it has an appropriate `as` value and it is preloaded intentionally.", source: https://fi.pinterest.com/pin-creation-tool/ (0)
[17980:7916:0805/112509.377:INFO:CONSOLE:0] "The resource https://i.pinimg.com/236x/74/09/1e/74091eeaf8828f72ce1f9be994fc983a.jpg was preloaded using link preload but not used within a few seconds from the window's load event. Please make sure it has an appropriate `as` value and it is preloaded intentionally.", source: https://fi.pinterest.com/pin-creation-tool/ (0)
[17980:7916:0805/112509.377:INFO:CONSOLE:0] "The resource https://i.pinimg.com/236x/7e/2a/c4/7e2ac404f0494fa1ec59d5443eefaaba.jpg was preloaded using link preload but not used within a few seconds from the window's load event. Please make sure it has an appropriate `as` value and it is preloaded intentionally.", source: https://fi.pinterest.com/pin-creation-tool/ (0)
[17980:7916:0805/112509.377:INFO:CONSOLE:0] "The resource https://i.pinimg.com/236x/e5/15/2d/e5152dc29788aa606e6e853fff3a1a9b.jpg was preloaded using link preload but not used within a few seconds from the window's load event. Please make sure it has an appropriate `as` value and it is preloaded intentionally.", source: https://fi.pinterest.com/pin-creation-tool/ (0)
[17980:7916:0805/112509.378:INFO:CONSOLE:0] "The resource https://i.pinimg.com/236x/c6/01/e9/c601e93ffcad7ba51106acfedbe455af.jpg was preloaded using link preload but not used within a few seconds from the window's load event. Please make sure it has an appropriate `as` value and it is preloaded intentionally.", source: https://fi.pinterest.com/pin-creation-tool/ (0)
[17980:7916:0805/112509.378:INFO:CONSOLE:0] "The resource https://i.pinimg.com/236x/b9/31/be/b931bee89548cedd9d62fcdceac24829.jpg was preloaded using link preload but not used within a few seconds from the window's load event. Please make sure it has an appropriate `as` value and it is preloaded intentionally.", source: https://fi.pinterest.com/pin-creation-tool/ (0)
[17980:7916:0805/112509.378:INFO:CONSOLE:0] "The resource https://i.pinimg.com/236x/8c/38/2c/8c382ce7f8bf1281c081f5a029fcd7df.jpg was preloaded using link preload but not used within a few seconds from the window's load event. Please make sure it has an appropriate `as` value and it is preloaded intentionally.", source: https://fi.pinterest.com/pin-creation-tool/ (0)
[17980:7916:0805/112509.378:INFO:CONSOLE:0] "The resource https://i.pinimg.com/236x/bf/be/f3/bfbef3118e91a3b9696b33c499473722.jpg was preloaded using link preload but not used within a few seconds from the window's load event. Please make sure it has an appropriate `as` value and it is preloaded intentionally.", source: https://fi.pinterest.com/pin-creation-tool/ (0)
[17980:7916:0805/112509.378:INFO:CONSOLE:0] "The resource https://i.pinimg.com/236x/b7/56/a4/b756a454acc461c73657afd5be0c7339.jpg was preloaded using link preload but not used within a few seconds from the window's load event. Please make sure it has an appropriate `as` value and it is preloaded intentionally.", source: https://fi.pinterest.com/pin-creation-tool/ (0)
[17980:7916:0805/112509.378:INFO:CONSOLE:0] "The resource https://i.pinimg.com/236x/c5/ab/d9/c5abd92a83d23c34933e4983ee8dd340.jpg was preloaded using link preload but not used within a few seconds from the window's load event. Please make sure it has an appropriate `as` value and it is preloaded intentionally.", source: https://fi.pinterest.com/pin-creation-tool/ (0)
[18848:1320:0805/112509.843:WARNING:net\extras\sqlite\sqlite_persistent_store_backend_base.cc:179] Failed to post task from FlushAndNotifyInBackground@net\extras\sqlite\sqlite_persistent_store_backend_base.cc:229 to client_task_runner_.
[18848:1320:0805/112509.843:WARNING:net\extras\sqlite\sqlite_persistent_store_backend_base.cc:179] Failed to post task from FlushAndNotifyInBackground@net\extras\sqlite\sqlite_persistent_store_backend_base.cc:229 to client_task_runner_.
